[www.northerncam.co.uk/index.html]
[backblue.gif]
[fade.gif]
[index.html]
[www.northerncam.co.uk/images/default/logo.png]
[www.northerncam.co.uk/images/default/favicons/favicon.ico]
[www.northerncam.co.uk/images/default/favicons/apple-icon-57x57.png]
[www.northerncam.co.uk/images/default/favicons/apple-icon-60x60.png]
[www.northerncam.co.uk/images/default/favicons/apple-icon-72x72.png]
[www.northerncam.co.uk/images/default/favicons/apple-icon-76x76.png]
[www.northerncam.co.uk/images/default/favicons/apple-icon-114x114.png]
[www.northerncam.co.uk/images/default/favicons/apple-icon-120x120.png]
[www.northerncam.co.uk/images/default/favicons/apple-icon-144x144.png]
[www.northerncam.co.uk/images/default/favicons/apple-icon-152x152.png]
[www.northerncam.co.uk/images/default/favicons/apple-icon-180x180.png]
[www.northerncam.co.uk/images/default/favicons/android-icon-192x192.png]
[www.northerncam.co.uk/images/default/favicons/favicon-32x32.png]
[www.northerncam.co.uk/images/default/favicons/favicon-96x96.png]
[www.northerncam.co.uk/images/default/favicons/favicon-16x16.png]
[www.northerncam.co.uk/images/default/favicons/manifest.json]
[www.northerncam.co.uk/images/default/favicons/ms-icon-144x144.png]
[stackpath.bootstrapcdn.com/font-awesome/4.7.0/css/font-awesome.min.css]
[www.northerncam.co.uk/css/slick.css]
[www.northerncam.co.uk/css/slick-theme.css]
[www.northerncam.co.uk/css/northerncam-v2.4.css]
[www.google.com/recaptcha/api.js]
[platform-api.sharethis.com/js/sharethis.js]
[www.northerncam.co.uk/css/style7839.css]
[www.northerncam.co.uk/images/default/logos/site-logo.png]
[www.northerncam.co.uk/pages/about-us.html]
[www.northerncam.co.uk/pages/meet-the-team.html]
[www.northerncam.co.uk/pages/end-uses.html]
[www.northerncam.co.uk/pages/capabilities.html]
[www.northerncam.co.uk/pages/customer-care.html]
[www.northerncam.co.uk/pages/quality.html]
[www.northerncam.co.uk/pages/contact.html]
[www.northerncam.co.uk/images/default/videos/home-video.mp4]
[www.northerncam.co.uk/uploads/default_sub/icons/engine_ICON-01.png]
[www.northerncam.co.uk/uploads/default_sub/icons/tractor_ICONS-03.png]
[www.northerncam.co.uk/uploads/default_sub/icons/construction_ICONS-02.png]
[www.northerncam.co.uk/uploads/default_sub/icons/gas_ICONS-04.png]
[www.northerncam.co.uk/uploads/default_sub/icons/Boiler_ICONS-05.png]
[www.northerncam.co.uk/uploads/default_sub/icons/Light_ICONS-06.png]
[www.northerncam.co.uk/uploads/default_sub/icons/Marine_ICONS-07.png]
[www.northerncam.co.uk/images/default/content/welcome-banner.png]
[www.northerncam.co.uk/images/playicon.png]
[www.northerncam.co.uk/uploads/default_sub/content/slide-bg.png]
[www.northerncam.co.uk/images/default/content/slider-img.png]
[www.northerncam.co.uk/uploads/default_sub/content/slide-2.jpg]
[www.northerncam.co.uk/uploads/default_sub/content/steel2.jpg]
[www.northerncam.co.uk/uploads/default_sub/content/plasticsized.jpg]
[www.northerncam.co.uk/uploads/default_sub/content/bronzesized.jpg]
[www.northerncam.co.uk/uploads/default_sub/materials/Brass.jpg]
[www.northerncam.co.uk/uploads/default_sub/materials/Aluminium.jpg]
[www.northerncam.co.uk/uploads/default_sub/materials/Stainless Steel.jpg]
[www.northerncam.co.uk/uploads/default_sub/materials/Copper.jpg]
[www.northerncam.co.uk/pages/privacy-and-cookies.html]
[www.northerncam.co.uk/pages/anti-slavery-policy.html]
[www.northerncam.co.uk/pages/site-map.html]
[www.northerncam.co.uk/uploads/default_sub/9001_CMYK_White_small_1.jpg]
[www.northerncam.co.uk/uploads/default_sub/social-icons/linkedin-icon.svg]
[www.northerncam.co.uk/uploads/default_sub/social-icons/instagram-icon.svg]
[www.northerncam.co.uk/uploads/default_sub/social-icons/youtube-icon.svg]
[www.northerncam.co.uk/uploads/default_sub/social-icons/facebook-icon.svg]
[www.northerncam.co.uk/uploads/default_sub/social-icons/x-icon.svg]
[www.northerncam.co.uk/cdn-cgi/scripts/5c5dd728/cloudflare-static/email-decode.min.js]
[www.northerncam.co.uk/js/require.js]
[www.northerncam.co.uk/js/validationEngine.jquery.css]
[www.northerncam.co.uk/js/plugins/fancyBox/source/jquery.fancybox-front.css]
[code.jquery.com/jquery-3.7.1.min.js]
[cdn.jsdelivr.net/npm/gsap@3.12.5/dist/gsap.min.js]
[cdn.jsdelivr.net/npm/gsap@3.12.5/dist/ScrollTrigger.min.js]
[unpkg.com/isotope-layout@3.0.6/dist/isotope.pkgd.js]
[www.northerncam.co.uk/js/yall.min.js]
[www.northerncam.co.uk/js/northerncam-v1.2f9e3.js]
[www.northerncam.co.uk/index.html]
[www.northerncam.co.uk/js/cookie.js]
[www.northerncam.co.uk/images/default/logo.html]
[www.northerncam.co.uk/images/default/favicons/manifest.html]
[www.northerncam.co.uk/images/default/favicons/ms-icon-144x144.html]
[stackpath.bootstrapcdn.com/font-awesome/4.7.0/css/font-awesome.min.css]
[www.northerncam.co.uk/css/slick.css]
[www.northerncam.co.uk/css/ajax-loader.gif]
[www.northerncam.co.uk/css/fonts/slick.eot]
[www.northerncam.co.uk/css/fonts/slickd41d.eot]
[www.northerncam.co.uk/css/fonts/slick.woff]
[www.northerncam.co.uk/css/fonts/slick.ttf]
[www.northerncam.co.uk/css/fonts/slick.svg]
[www.northerncam.co.uk/css/slick-theme.css]
[www.northerncam.co.uk/css/northerncam-v2.4.css]
[www.northerncam.co.uk/css/fonts/d-din-webfont.woff2]
[www.northerncam.co.uk/css/fonts/d-din-webfont.woff]
[www.northerncam.co.uk/css/fonts/d-din-bold-webfont.woff2]
[www.northerncam.co.uk/css/fonts/d-din-bold-webfont.woff]
[www.northerncam.co.uk/css/style7839.css]
[www.northerncam.co.uk/uploads/default_sub/content/about-us-banner.png]
[www.northerncam.co.uk/uploads/default_sub/timeline/timeline-line.svg]
[www.northerncam.co.uk/uploads/default_sub/timeline/timeline-imgs/1.jpg]
[www.northerncam.co.uk/uploads/default_sub/timeline/timeline-imgs/2.jpg]
[www.northerncam.co.uk/uploads/default_sub/timeline/timeline-imgs/3.jpg]
[www.northerncam.co.uk/uploads/default_sub/timeline/timeline-imgs/4.jpg]
[www.northerncam.co.uk/uploads/default_sub/timeline/timeline-imgs/5.jpg]
[www.northerncam.co.uk/uploads/default_sub/timeline/timeline-imgs/6.jpg]
[www.northerncam.co.uk/uploads/default_sub/timeline/timeline-imgs/7.jpg]
[www.northerncam.co.uk/pages/about-us.html]
[www.northerncam.co.uk/uploads/default_sub/timeline/timeline-imgs/8.jpg]
[www.northerncam.co.uk/uploads/default_sub/content/meet-team-banner.png]
[www.northerncam.co.uk/uploads/default_sub/team-photos/people/satvinder-bhabra.jpg]
[www.northerncam.co.uk/uploads/default_sub/team-photos/close-icon.svg]
[www.northerncam.co.uk/uploads/default_sub/team-photos/yellow-line.svg]
[www.northerncam.co.uk/uploads/default_sub/team-photos/email-icon.svg]
[www.northerncam.co.uk/uploads/default_sub/team-photos/telephone-icon.svg]
[www.northerncam.co.uk/uploads/default_sub/team-photos/telephone-land-icon.svg]
[www.northerncam.co.uk/uploads/default_sub/team-photos/linkedin-icon.svg]
[www.northerncam.co.uk/uploads/default_sub/team-photos/people/parvinder-bhabra.jpg]
[www.northerncam.co.uk/uploads/default_sub/team-photos/people/ian-joss-.jpg]
[www.northerncam.co.uk/uploads/default_sub/team-photos/people/emma-dryer.jpg]
[www.northerncam.co.uk/uploads/default_sub/team-photos/people/avneet-bhabra.jpg]
[www.northerncam.co.uk/pages/www.linkedin.com/in/avneet-bhabra-5bb259229]
[www.northerncam.co.uk/pages/meet-the-team.html]
[www.northerncam.co.uk/uploads/default_sub/content/end use banner.jpg]
[www.northerncam.co.uk/uploads/default_sub/icons/engine.png]
[www.northerncam.co.uk/uploads/default_sub/icons/tractor.png]
[www.northerncam.co.uk/uploads/default_sub/icons/builder.png]
[www.northerncam.co.uk/uploads/default_sub/icons/petrol.png]
[www.northerncam.co.uk/uploads/default_sub/icons/boiler.png]
[www.northerncam.co.uk/uploads/default_sub/icons/bulb.png]
[www.northerncam.co.uk/uploads/default_sub/icons/boat.png]
[www.northerncam.co.uk/pages/end-uses.html]
[www.northerncam.co.uk/uploads/default_sub/content/14.jpg]
[www.northerncam.co.uk/uploads/default_sub/content/CNC Machining Centres.jpg]
[www.northerncam.co.uk/uploads/default_sub/content/CNC Sliding Head.jpg]
[www.northerncam.co.uk/uploads/default_sub/content/75.jpg]
[www.northerncam.co.uk/uploads/default_sub/content/98.jpg]
[www.northerncam.co.uk/uploads/default_sub/content/saw.jpg]
[www.northerncam.co.uk/uploads/default_sub/content/42.jpg]
[www.northerncam.co.uk/pages/capabilities.html]
[www.northerncam.co.uk/uploads/default_sub/content/114.jpg]
[www.northerncam.co.uk/uploads/default_sub/icons/icon-box.svg]
[www.northerncam.co.uk/uploads/default_sub/icons/icon-1.svg]
[www.northerncam.co.uk/uploads/default_sub/icons/icon-pound.svg]
[www.northerncam.co.uk/uploads/default_sub/icons/icon-2.svg]
[www.northerncam.co.uk/pages/customer-care.html]
[www.northerncam.co.uk/uploads/default_sub/icons/icon-3.svg]
[www.northerncam.co.uk/uploads/default_sub/content/91_1.jpg]
[www.northerncam.co.uk/uploads/9001 CMYK White_1.jpg]
[www.northerncam.co.uk/uploads/ISO 90012015 Certificate- Current.pdf]
[www.northerncam.co.uk/pages/quality.html]
[www.northerncam.co.uk/images/default/content/contact-banner.jpg]
[www.northerncam.co.uk/pages/contact.html]
[www.northerncam.co.uk/cdn-cgi/l/email-protection.html]
[www.northerncam.co.uk/pages/privacy-and-cookies.html]
[www.northerncam.co.uk/uploads/default_sub/content/policies.jpg]
[www.northerncam.co.uk/pages/anti-slavery-policy.html]
[www.northerncam.co.uk/uploads/default_sub/content/site map.jpg]
[www.northerncam.co.uk/pages/site-map.html]
[www.northerncam.co.uk/uploads/default_sub/social-icons/linkedin-icon.svg]
[www.northerncam.co.uk/uploads/default_sub/social-icons/instagram-icon.svg]
[www.northerncam.co.uk/uploads/default_sub/social-icons/youtube-icon.svg]
[www.northerncam.co.uk/uploads/default_sub/social-icons/facebook-icon.svg]
[www.northerncam.co.uk/uploads/default_sub/social-icons/x-icon.svg]
[www.northerncam.co.uk/js/validationEngine.jquery.css]
[www.northerncam.co.uk/js/plugins/fancyBox/source/jquery.fancybox-front.css]
[www.northerncam.co.uk/css/ajax-loader.html]
[www.northerncam.co.uk/css/fonts/slick.html]
[www.northerncam.co.uk/css/fonts/slickd41d.html]
[www.northerncam.co.uk/css/fonts/slick-2.html]
[www.northerncam.co.uk/css/fonts/slick-3.html]
[www.northerncam.co.uk/css/fonts/slick-4.html]
[www.northerncam.co.uk/css/fonts/d-din-webfont.html]
[www.northerncam.co.uk/css/fonts/d-din-webfont-2.html]
[www.northerncam.co.uk/css/fonts/d-din-bold-webfont.html]
[www.northerncam.co.uk/css/fonts/d-din-bold-webfont-2.html]
[www.northerncam.co.uk/uploads/default_sub/timeline/timeline-line.svg]
[www.northerncam.co.uk/uploads/default_sub/team-photos/close-icon.svg]
[www.northerncam.co.uk/uploads/default_sub/team-photos/yellow-line.svg]
[www.northerncam.co.uk/uploads/default_sub/team-photos/email-icon.svg]
[www.northerncam.co.uk/uploads/default_sub/team-photos/telephone-icon.svg]
[www.northerncam.co.uk/uploads/default_sub/team-photos/telephone-land-icon.svg]
[www.northerncam.co.uk/uploads/default_sub/team-photos/linkedin-icon.svg]
[www.northerncam.co.uk/pages/www.linkedin.com/in/avneet-bhabra-5bb259229.html]
[www.northerncam.co.uk/uploads/default_sub/icons/icon-box.svg]
[www.northerncam.co.uk/uploads/default_sub/icons/icon-1.svg]
[www.northerncam.co.uk/uploads/default_sub/icons/icon-pound.svg]
[www.northerncam.co.uk/uploads/default_sub/icons/icon-2.svg]
[www.northerncam.co.uk/uploads/default_sub/icons/icon-3.svg]
[www.northerncam.co.ukhtdocs/uploads/default_sub/content/privacy.jpg]
